
2023-05-07:[3000, 450, 290, 350]: [[['Dough', 500, 50, 13, 12]], [['Mozarella Cheese', 300, 50, 60, 20]], [['Tomato Sauce', 200, 40, 2, 0]], [['Dough', 500, 50, 13, 12]], [['Mozarella Cheese', 300, 50, 60, 20]], [['Tomato Sauce', 200, 40, 2, 0]]]:[[['Squat', 'Triceps', 4, 5, 600]]]
2023-05-08:[3000, 450, 290, 350]: [[['Burrito', 2000, 200, 100, 10]], [['Boba Teas', 300, 50, 20, 0]]]:[]
2023-05-09:[3000, 450, 290, 350]:[[['Burrito', 2000, 200, 100, 10]], [['Chicken', 100, 20, 1, 2]], [['Dough', 500, 50, 13, 12]], [['Mozarella Cheese', 300, 50, 60, 20]], [['Tomato Sauce', 200, 40, 2, 0]]]:[[['Bench Press', 'Chest', 3, 10, 6000]]]